[app] files=79
[app] lines=11133 by_ext={'.py': 4753, '.html': 616, '.css': 2009, '.ts': 3755}
[tests] files=55
[tests] lines=14970 by_ext={'.py': 14970}
 2006 app/static/src/input.css
  830 tests/test_orchestrator.py
  810 app/static/src/ts/modules/row-factory.test.ts
  673 tests/test_threatminer.py
  628 tests/test_dns_lookup.py
  626 tests/test_adapter_contract.py
  585 tests/test_routes.py
  568 app/static/src/ts/modules/row-factory.ts
  520 tests/e2e/test_results_page.py
  500 tests/test_ssh_parser.py
  457 tests/test_whois_lookup.py
  450 app/static/src/ts/modules/enrichment.ts
  449 tests/test_otx.py
  434 tests/test_registry_setup.py
  434 tests/test_ip_api.py
  403 tests/test_crtsh.py
  379 tests/test_asn_cymru.py
  373 tests/test_classifier.py
  368 tests/test_base_adapter.py
  348 tests/e2e/test_settings.py
  345 app/enrichment/orchestrator.py
  306 tests/test_abuseipdb.py
  294 tests/test_urlhaus.py
  293 tests/test_ssh_models.py
  285 tests/test_history_store.py
