tracked adjacent workflow paths: 238
.bg-shell/manifest.json
.planning/.continue-here.md
.planning/.next-call-count
.planning/HANDOFF.json
.planning/MILESTONES.md
.planning/PROJECT.md
.planning/REQUIREMENTS.md
.planning/RETROSPECTIVE.md
.planning/ROADMAP.md
.planning/STATE.md
.planning/STATE.md.bak-2026-03-12T16-21-23
.planning/codebase/ARCHITECTURE.md
.planning/codebase/CONCERNS.md
.planning/codebase/CONVENTIONS.md
.planning/codebase/INTEGRATIONS.md
.planning/codebase/STACK.md
.planning/codebase/STRUCTURE.md
.planning/codebase/TESTING.md
.planning/config.json
.planning/milestones/v1.0-MILESTONE-AUDIT.md
.planning/milestones/v1.0-REQUIREMENTS.md
.planning/milestones/v1.0-ROADMAP.md
.planning/milestones/v1.0-phases/01-foundation-and-offline-pipeline/.continue-here.md
.planning/milestones/v1.0-phases/01-foundation-and-offline-pipeline/01-01-PLAN.md
.planning/milestones/v1.0-phases/01-foundation-and-offline-pipeline/01-01-SUMMARY.md
.planning/milestones/v1.0-phases/01-foundation-and-offline-pipeline/01-02-PLAN.md
.planning/milestones/v1.0-phases/01-foundation-and-offline-pipeline/01-02-SUMMARY.md
.planning/milestones/v1.0-phases/01-foundation-and-offline-pipeline/01-03-PLAN.md
.planning/milestones/v1.0-phases/01-foundation-and-offline-pipeline/01-03-SUMMARY.md
.planning/milestones/v1.0-phases/01-foundation-and-offline-pipeline/01-04-PLAN.md
.planning/milestones/v1.0-phases/01-foundation-and-offline-pipeline/01-04-SUMMARY.md
.planning/milestones/v1.0-phases/01-foundation-and-offline-pipeline/01-CONTEXT.md
.planning/milestones/v1.0-phases/01-foundation-and-offline-pipeline/01-RESEARCH.md
.planning/milestones/v1.0-phases/01-foundation-and-offline-pipeline/01-VERIFICATION.md
.planning/milestones/v1.0-phases/02-core-enrichment/02-01-PLAN.md
.planning/milestones/v1.0-phases/02-core-enrichment/02-01-SUMMARY.md
.planning/milestones/v1.0-phases/02-core-enrichment/02-02-PLAN.md
.planning/milestones/v1.0-phases/02-core-enrichment/02-02-SUMMARY.md
.planning/milestones/v1.0-phases/02-core-enrichment/02-03-PLAN.md
.planning/milestones/v1.0-phases/02-core-enrichment/02-03-SUMMARY.md
.planning/milestones/v1.0-phases/02-core-enrichment/02-04-PLAN.md
.planning/milestones/v1.0-phases/02-core-enrichment/02-04-SUMMARY.md
.planning/milestones/v1.0-phases/02-core-enrichment/02-CONTEXT.md
.planning/milestones/v1.0-phases/02-core-enrichment/02-RESEARCH.md
.planning/milestones/v1.0-phases/02-core-enrichment/02-VERIFICATION.md
.planning/milestones/v1.0-phases/03-additional-ti-providers/03-01-PLAN.md
.planning/milestones/v1.0-phases/03-additional-ti-providers/03-01-SUMMARY.md
.planning/milestones/v1.0-phases/03-additional-ti-providers/03-02-PLAN.md
.planning/milestones/v1.0-phases/03-additional-ti-providers/03-02-SUMMARY.md
.planning/milestones/v1.0-phases/03-additional-ti-providers/03-03-PLAN.md
.planning/milestones/v1.0-phases/03-additional-ti-providers/03-03-SUMMARY.md
.planning/milestones/v1.0-phases/03-additional-ti-providers/03-CONTEXT.md
.planning/milestones/v1.0-phases/03-additional-ti-providers/03-VERIFICATION.md
.planning/milestones/v1.0-phases/03.1-integration-fixes-git-hygiene/03.1-01-PLAN.md
.planning/milestones/v1.0-phases/03.1-integration-fixes-git-hygiene/03.1-01-SUMMARY.md
.planning/milestones/v1.0-phases/03.1-integration-fixes-git-hygiene/03.1-CONTEXT.md
.planning/milestones/v1.0-phases/03.1-integration-fixes-git-hygiene/03.1-RESEARCH.md
.planning/milestones/v1.0-phases/03.1-integration-fixes-git-hygiene/03.1-VERIFICATION.md
.planning/milestones/v1.0-phases/04-ux-polish-and-security-verification/04-01-PLAN.md
.planning/milestones/v1.0-phases/04-ux-polish-and-security-verification/04-01-SUMMARY.md
.planning/milestones/v1.0-phases/04-ux-polish-and-security-verification/04-02-PLAN.md
.planning/milestones/v1.0-phases/04-ux-polish-and-security-verification/04-02-SUMMARY.md
.planning/milestones/v1.0-phases/04-ux-polish-and-security-verification/04-CONTEXT.md
.planning/milestones/v1.0-phases/04-ux-polish-and-security-verification/04-RESEARCH.md
.planning/milestones/v1.0-phases/04-ux-polish-and-security-verification/04-VERIFICATION.md
.planning/milestones/v1.0-phases/04-ux-polish-and-security-verification/deferred-items.md
.planning/milestones/v1.1-ROADMAP.md
.planning/milestones/v1.1-phases/06-foundation-tailwind-alpine-cards/.continue-here.md
.planning/milestones/v1.1-phases/07-filtering-search/07-01-PLAN.md
.planning/milestones/v1.1-phases/07-filtering-search/07-01-SUMMARY.md
.planning/milestones/v1.1-phases/07-filtering-search/07-02-PLAN.md
.planning/milestones/v1.1-phases/07-filtering-search/07-02-SUMMARY.md
.planning/milestones/v1.1-phases/07-filtering-search/07-RESEARCH.md
.planning/milestones/v1.1-phases/07-filtering-search/07-VERIFICATION.md
.planning/milestones/v1.1-phases/08-input-page-polish/08-01-PLAN.md
.planning/milestones/v1.1-phases/08-input-page-polish/08-01-SUMMARY.md
.planning/milestones/v1.1-phases/08-input-page-polish/08-02-PLAN.md
.planning/milestones/v1.1-phases/08-input-page-polish/08-02-SUMMARY.md
.planning/milestones/v1.1-phases/08-input-page-polish/08-RESEARCH.md
.planning/milestones/v1.2-phases/11-foundation-design-tokens-base-css/11-01-PLAN.md
.planning/milestones/v1.2-phases/11-foundation-design-tokens-base-css/11-01-SUMMARY.md
.planning/milestones/v1.2-phases/11-foundation-design-tokens-base-css/11-02-PLAN.md
.planning/milestones/v1.2-phases/11-foundation-design-tokens-base-css/11-02-SUMMARY.md
.planning/milestones/v1.2-phases/11-foundation-design-tokens-base-css/11-03-PLAN.md
.planning/milestones/v1.2-phases/11-foundation-design-tokens-base-css/11-03-SUMMARY.md
.planning/milestones/v1.2-phases/11-foundation-design-tokens-base-css/11-RESEARCH.md
.planning/milestones/v1.2-phases/12-shared-component-elevation/.continue-here.md
.planning/milestones/v1.2-phases/12-shared-component-elevation/12-01-PLAN.md
.planning/milestones/v1.2-phases/12-shared-component-elevation/12-01-SUMMARY.md
.planning/milestones/v1.2-phases/12-shared-component-elevation/12-02-PLAN.md
.planning/milestones/v1.2-phases/12-shared-component-elevation/12-02-SUMMARY.md
.planning/milestones/v1.2-phases/12-shared-component-elevation/12-03-PLAN.md
.planning/milestones/v1.2-phases/12-shared-component-elevation/12-03-SUMMARY.md
.planning/milestones/v1.2-phases/12-shared-component-elevation/12-RESEARCH.md
.planning/milestones/v1.2-phases/12-shared-component-elevation/12-VERIFICATION.md
.planning/milestones/v1.2-phases/13-results-page-redesign/13-01-PLAN.md
.planning/milestones/v1.2-phases/13-results-page-redesign/13-01-SUMMARY.md
.planning/milestones/v1.2-phases/13-results-page-redesign/13-02-PLAN.md
.planning/milestones/v1.2-phases/13-results-page-redesign/13-02-SUMMARY.md
.planning/milestones/v1.2-phases/13-results-page-redesign/13-03-PLAN.md
.planning/milestones/v1.2-phases/13-results-page-redesign/13-03-SUMMARY.md
.planning/milestones/v1.2-phases/13-results-page-redesign/13-04-PLAN.md
.planning/milestones/v1.2-phases/13-results-page-redesign/13-04-SUMMARY.md
.planning/milestones/v1.2-phases/13-results-page-redesign/13-RESEARCH.md
.planning/milestones/v1.2-phases/13-results-page-redesign/13-VERIFICATION.md
.planning/milestones/v3.0-MILESTONE-AUDIT.md
.planning/milestones/v3.0-REQUIREMENTS.md
.planning/milestones/v3.0-ROADMAP.md
.planning/milestones/v3.0-phases/19-build-pipeline-infrastructure/19-01-PLAN.md
.planning/milestones/v3.0-phases/19-build-pipeline-infrastructure/19-01-SUMMARY.md
.planning/milestones/v3.0-phases/19-build-pipeline-infrastructure/19-02-PLAN.md
.planning/milestones/v3.0-phases/19-build-pipeline-infrastructure/19-02-SUMMARY.md
.planning/milestones/v3.0-phases/19-build-pipeline-infrastructure/19-RESEARCH.md
.planning/milestones/v3.0-phases/19-build-pipeline-infrastructure/19-VERIFICATION.md
.planning/milestones/v3.0-phases/20-type-definitions-foundation/20-01-PLAN.md
.planning/milestones/v3.0-phases/20-type-definitions-foundation/20-01-SUMMARY.md
.planning/milestones/v3.0-phases/20-type-definitions-foundation/20-RESEARCH.md
.planning/milestones/v3.0-phases/20-type-definitions-foundation/20-VERIFICATION.md
.planning/milestones/v3.0-phases/21-simple-module-extraction/.continue-here.md
.planning/milestones/v3.0-phases/21-simple-module-extraction/21-01-PLAN.md
.planning/milestones/v3.0-phases/21-simple-module-extraction/21-01-SUMMARY.md
.planning/milestones/v3.0-phases/21-simple-module-extraction/21-02-PLAN.md
.planning/milestones/v3.0-phases/21-simple-module-extraction/21-02-SUMMARY.md
.planning/milestones/v3.0-phases/21-simple-module-extraction/21-03-PLAN.md
.planning/milestones/v3.0-phases/21-simple-module-extraction/21-03-SUMMARY.md
.planning/milestones/v3.0-phases/21-simple-module-extraction/21-RESEARCH.md
.planning/milestones/v3.0-phases/21-simple-module-extraction/21-VERIFICATION.md
.planning/milestones/v3.0-phases/22-enrichment-module-and-entry-point/.continue-here.md
.planning/milestones/v3.0-phases/22-enrichment-module-and-entry-point/22-01-PLAN.md
.planning/milestones/v3.0-phases/22-enrichment-module-and-entry-point/22-01-SUMMARY.md
.planning/milestones/v3.0-phases/22-enrichment-module-and-entry-point/22-02-PLAN.md
.planning/milestones/v3.0-phases/22-enrichment-module-and-entry-point/22-02-SUMMARY.md
.planning/milestones/v3.0-phases/22-enrichment-module-and-entry-point/22-RESEARCH.md
.planning/milestones/v3.0-phases/22-enrichment-module-and-entry-point/22-VERIFICATION.md
.planning/milestones/v4.0-REQUIREMENTS.md
.planning/milestones/v4.0-ROADMAP.md
.planning/milestones/v4.0-phases/01-provider-registry-refactor/01-01-PLAN.md
.planning/milestones/v4.0-phases/01-provider-registry-refactor/01-01-SUMMARY.md
.planning/milestones/v4.0-phases/01-provider-registry-refactor/01-02-PLAN.md
.planning/milestones/v4.0-phases/01-provider-registry-refactor/01-02-SUMMARY.md
.planning/milestones/v4.0-phases/01-provider-registry-refactor/01-CONTEXT.md
.planning/milestones/v4.0-phases/01-provider-registry-refactor/01-RESEARCH.md
.planning/milestones/v4.0-phases/01-provider-registry-refactor/01-VERIFICATION.md
.planning/milestones/v4.0-phases/02-shodan-internetdb/02-01-PLAN.md
.planning/milestones/v4.0-phases/02-shodan-internetdb/02-01-SUMMARY.md
.planning/milestones/v4.0-phases/02-shodan-internetdb/02-02-PLAN.md
.planning/milestones/v4.0-phases/02-shodan-internetdb/02-RESEARCH.md
.planning/milestones/v4.0-phases/03-free-key-providers/.continue-here.md
.planning/milestones/v4.0-phases/03-free-key-providers/03-01-PLAN.md
.planning/milestones/v4.0-phases/03-free-key-providers/03-01-SUMMARY.md
.planning/milestones/v4.0-phases/03-free-key-providers/03-02-PLAN.md
.planning/milestones/v4.0-phases/03-free-key-providers/03-02-SUMMARY.md
.planning/milestones/v4.0-phases/03-free-key-providers/03-03-PLAN.md
.planning/milestones/v4.0-phases/03-free-key-providers/03-03-SUMMARY.md
.planning/milestones/v4.0-phases/03-free-key-providers/03-RESEARCH.md
.planning/milestones/v4.0-phases/03-free-key-providers/03-VERIFICATION.md
.planning/milestones/v4.0-phases/04-results-ux-upgrade/04-01-PLAN.md
.planning/milestones/v4.0-phases/04-results-ux-upgrade/04-01-SUMMARY.md
.planning/milestones/v4.0-phases/04-results-ux-upgrade/04-02-PLAN.md
.planning/milestones/v4.0-phases/04-results-ux-upgrade/04-02-SUMMARY.md
.planning/milestones/v4.0-phases/04-results-ux-upgrade/04-CONTEXT.md
.planning/milestones/v4.0-phases/04-results-ux-upgrade/04-RESEARCH.md
.planning/milestones/v4.0-phases/04-results-ux-upgrade/04-VERIFICATION.md
.planning/milestones/v5.0-phases/01-quality-of-life/01-SUMMARY.md
.planning/milestones/v6.0-MILESTONE-AUDIT.md
.planning/milestones/v6.0-REQUIREMENTS.md
.planning/milestones/v6.0-ROADMAP.md
.planning/milestones/v6.0-phases/01-zero-auth-ip-intelligence-known-good/01-01-PLAN.md
.planning/milestones/v6.0-phases/01-zero-auth-ip-intelligence-known-good/01-01-SUMMARY.md
.planning/milestones/v6.0-phases/01-zero-auth-ip-intelligence-known-good/01-02-PLAN.md
.planning/milestones/v6.0-phases/01-zero-auth-ip-intelligence-known-good/01-02-SUMMARY.md
.planning/milestones/v6.0-phases/01-zero-auth-ip-intelligence-known-good/01-03-PLAN.md
.planning/milestones/v6.0-phases/01-zero-auth-ip-intelligence-known-good/01-03-SUMMARY.md
.planning/milestones/v6.0-phases/01-zero-auth-ip-intelligence-known-good/01-CONTEXT.md
.planning/milestones/v6.0-phases/01-zero-auth-ip-intelligence-known-good/01-RESEARCH.md
.planning/milestones/v6.0-phases/01-zero-auth-ip-intelligence-known-good/01-VALIDATION.md
.planning/milestones/v6.0-phases/01-zero-auth-ip-intelligence-known-good/deferred-items.md
.planning/milestones/v6.0-phases/02-domain-intelligence/02-01-PLAN.md
.planning/milestones/v6.0-phases/02-domain-intelligence/02-01-SUMMARY.md
.planning/milestones/v6.0-phases/02-domain-intelligence/02-02-PLAN.md
.planning/milestones/v6.0-phases/02-domain-intelligence/02-02-SUMMARY.md
.planning/milestones/v6.0-phases/02-domain-intelligence/02-03-PLAN.md
.planning/milestones/v6.0-phases/02-domain-intelligence/02-03-SUMMARY.md
.planning/milestones/v6.0-phases/02-domain-intelligence/02-RESEARCH.md
.planning/milestones/v6.0-phases/02-domain-intelligence/02-VALIDATION.md
.planning/milestones/v6.0-phases/02-domain-intelligence/02-VERIFICATION.md
.planning/milestones/v6.0-phases/03-passive-dns-pivoting/03-01-PLAN.md
.planning/milestones/v6.0-phases/03-passive-dns-pivoting/03-01-SUMMARY.md
.planning/milestones/v6.0-phases/03-passive-dns-pivoting/03-02-PLAN.md
.planning/milestones/v6.0-phases/03-passive-dns-pivoting/03-02-SUMMARY.md
.planning/milestones/v6.0-phases/03-passive-dns-pivoting/03-RESEARCH.md
.planning/milestones/v6.0-phases/03-passive-dns-pivoting/03-VALIDATION.md
.planning/milestones/v6.0-phases/03-passive-dns-pivoting/03-VERIFICATION.md
.planning/milestones/v6.0-phases/03-passive-dns-pivoting/deferred-items.md
.planning/milestones/v6.0-phases/04-deep-analysis-view/.continue-here.md
.planning/milestones/v6.0-phases/04-deep-analysis-view/04-01-PLAN.md
.planning/milestones/v6.0-phases/04-deep-analysis-view/04-01-SUMMARY.md
.planning/milestones/v6.0-phases/04-deep-analysis-view/04-02-PLAN.md
.planning/milestones/v6.0-phases/04-deep-analysis-view/04-02-SUMMARY.md
.planning/milestones/v6.0-phases/04-deep-analysis-view/04-03-PLAN.md
.planning/milestones/v6.0-phases/04-deep-analysis-view/04-03-SUMMARY.md
.planning/milestones/v6.0-phases/04-deep-analysis-view/04-RESEARCH.md
.planning/milestones/v6.0-phases/04-deep-analysis-view/04-VALIDATION.md
.planning/milestones/v6.0-phases/04-deep-analysis-view/04-VERIFICATION.md
.planning/milestones/v7.0-abandoned/phases/01-annotations-removal/01-01-PLAN.md
.planning/milestones/v7.0-abandoned/phases/01-annotations-removal/01-01-SUMMARY.md
.planning/milestones/v7.0-abandoned/phases/01-annotations-removal/01-RESEARCH.md
.planning/milestones/v7.0-abandoned/phases/01-annotations-removal/01-VALIDATION.md
.planning/milestones/v7.0-abandoned/phases/01-annotations-removal/01-VERIFICATION.md
.planning/milestones/v7.0-abandoned/phases/01-annotations-removal/deferred-items.md
.planning/milestones/v7.0-abandoned/phases/02-asn-intelligence/.continue-here.md
.planning/milestones/v7.0-abandoned/phases/02-asn-intelligence/02-01-PLAN.md
.planning/milestones/v7.0-abandoned/phases/02-asn-intelligence/02-01-SUMMARY.md
.planning/milestones/v7.0-abandoned/phases/02-asn-intelligence/02-RESEARCH.md
.planning/milestones/v7.0-abandoned/phases/02-asn-intelligence/02-VALIDATION.md
.planning/milestones/v7.0-abandoned/phases/02-asn-intelligence/02-VERIFICATION.md
.planning/milestones/v7.0-abandoned/v7.0-REQUIREMENTS.md
.planning/milestones/v7.0-abandoned/v7.0-RESEARCH-SUMMARY.md
.planning/milestones/v7.0-abandoned/v7.0-ROADMAP.md
.planning/phases/06-models-parser-and-foundation/06-01-PLAN.md
.planning/phases/06-models-parser-and-foundation/06-01-SUMMARY.md
.planning/phases/06-models-parser-and-foundation/06-02-PLAN.md
.planning/phases/06-models-parser-and-foundation/06-02-SUMMARY.md
.planning/phases/06-models-parser-and-foundation/06-03-PLAN.md
.planning/phases/06-models-parser-and-foundation/06-03-SUMMARY.md
.planning/phases/06-models-parser-and-foundation/06-CONTEXT.md
.planning/phases/06-models-parser-and-foundation/06-DISCUSSION-LOG.md
.planning/phases/06-models-parser-and-foundation/06-RESEARCH.md
.planning/phases/06-models-parser-and-foundation/06-REVIEW.md
.planning/phases/06-models-parser-and-foundation/06-VALIDATION.md
.planning/phases/06-models-parser-and-foundation/06-VERIFICATION.md
.planning/research/ARCHITECTURE.md
.planning/research/DESIGN-INSPIRATION.md
.planning/research/FEATURES.md
.planning/research/PITFALLS.md
.planning/research/STACK.md
.planning/research/SUMMARY.md
.planning/todos/pending/2026-03-11-add-external-pivot-links-for-analyst-tools.md
