Tracked .gsd paths: 586
milestones: 560
  - .gsd/milestones/M001/M001-CONTEXT.md
  - .gsd/milestones/M001/M001-META.json
  - .gsd/milestones/M001/M001-RESEARCH.md
  - .gsd/milestones/M001/M001-ROADMAP.md
  - .gsd/milestones/M001/M001-SUMMARY.md
  - .gsd/milestones/M001/M001-VALIDATION.md
exec: 9
  - .gsd/exec/7a06efb0-c065-4854-8c67-e4088e9c04fd.meta.json
  - .gsd/exec/7a06efb0-c065-4854-8c67-e4088e9c04fd.stderr
  - .gsd/exec/7a06efb0-c065-4854-8c67-e4088e9c04fd.stdout
  - .gsd/exec/ae94e43b-ae81-4c50-8b54-b66d6dc75860.meta.json
  - .gsd/exec/ae94e43b-ae81-4c50-8b54-b66d6dc75860.stderr
  - .gsd/exec/ae94e43b-ae81-4c50-8b54-b66d6dc75860.stdout
reports: 7
  - .gsd/reports/M001-2026-04-22T01-11-24.html
  - .gsd/reports/M002-2026-04-22T01-11-25.html
  - .gsd/reports/M003-2026-04-22T01-11-26.html
  - .gsd/reports/M004-2026-04-22T01-11-27.html
  - .gsd/reports/M008-2026-04-22T01-14-50.html
  - .gsd/reports/index.html
CODEBASE.md: 1
  - .gsd/CODEBASE.md
DECISIONS.md: 1
  - .gsd/DECISIONS.md
KNOWLEDGE.md: 1
  - .gsd/KNOWLEDGE.md
PROJECT.md: 1
  - .gsd/PROJECT.md
REQUIREMENTS.md: 1
  - .gsd/REQUIREMENTS.md
audit: 1
  - .gsd/audit/events.jsonl
audits: 1
  - .gsd/audits/2026-03-17-091053-understand-the-performance-bottlenecks-a.md
graphs: 1
  - .gsd/graphs/graph.json
notifications.jsonl: 1
  - .gsd/notifications.jsonl
safety: 1
  - .gsd/safety/evidence-M013-S01-T03.json
